[INFO] Scanning for projects...
[INFO] 
[INFO] -----------------< dev.gonjy:patrol-spectator-plugin >------------------
[INFO] Building PatrolSpectatorPlugin 1.9.50
[INFO]   from pom.xml
[INFO] --------------------------------[ jar ]---------------------------------
[INFO] 
[INFO] --- resources:3.3.1:resources (default-resources) @ patrol-spectator-plugin ---
[INFO] Copying 3 resources from src\main\resources to target\classes
[INFO] 
[INFO] --- compiler:3.11.0:compile (default-compile) @ patrol-spectator-plugin ---
[INFO] Nothing to compile - all classes are up to date
[INFO] 
[INFO] --- resources:3.3.1:testResources (default-testResources) @ patrol-spectator-plugin ---
[INFO] skip non existing resourceDirectory C:\Users\gonjy\Projects\Private\PatrolSpectatorPlugin\src\test\resources
[INFO] 
[INFO] --- compiler:3.11.0:testCompile (default-testCompile) @ patrol-spectator-plugin ---
[INFO] Nothing to compile - all classes are up to date
[INFO] 
[INFO] --- surefire:3.2.2:test (default-test) @ patrol-spectator-plugin ---
[INFO] Using auto detected provider org.apache.maven.surefire.junitplatform.JUnitPlatformProvider
[INFO] 
[INFO] -------------------------------------------------------
[INFO]  T E S T S
[INFO] -------------------------------------------------------
[INFO] Running dev.gonjy.patrolspectator.AutoEventSystemTest
SLF4J: No SLF4J providers were found.
SLF4J: Defaulting to no-operation (NOP) logger implementation
SLF4J: See https://www.slf4j.org/codes.html#noProviders for further details.
[18:01:26 諠・ｱ]: 隕ｳ蜈牙慍繝・・繧ｿ繧偵Ο繝ｼ繝峨＠縺ｾ縺励◆: 0 莉ｶ
[18:01:26 諠・ｱ]: [Discord] Integration enabled.
[18:01:26 諠・ｱ]: PatrolSpectatorPlugin has been enabled!
[18:01:26 諠・ｱ]: 隕ｳ蜈牙慍繝・・繧ｿ繧偵Ο繝ｼ繝峨＠縺ｾ縺励◆: 0 莉ｶ
[18:01:26 諠・ｱ]: [Discord] Integration enabled.
[18:01:26 諠・ｱ]: PatrolSpectatorPlugin has been enabled!
[INFO] Tests run: 2, Failures: 0, Errors: 0, Skipped: 0, Time elapsed: 1.962 s -- in dev.gonjy.patrolspectator.AutoEventSystemTest
[INFO] Running dev.gonjy.patrolspectator.GameModeEnforcerTest
[18:01:26 諠・ｱ]: 隕ｳ蜈牙慍繝・・繧ｿ繧偵Ο繝ｼ繝峨＠縺ｾ縺励◆: 0 莉ｶ
[18:01:26 諠・ｱ]: [Discord] Integration enabled.
[18:01:26 諠・ｱ]: PatrolSpectatorPlugin has been enabled!
[18:01:28 諠・ｱ]: 隕ｳ蜈牙慍繝・・繧ｿ繧偵Ο繝ｼ繝峨＠縺ｾ縺励◆: 0 莉ｶ
[18:01:28 諠・ｱ]: [Discord] Integration enabled.
[18:01:28 諠・ｱ]: PatrolSpectatorPlugin has been enabled!
[18:01:28 諠・ｱ]: 隕ｳ蜈牙慍繝・・繧ｿ繧偵Ο繝ｼ繝峨＠縺ｾ縺励◆: 0 莉ｶ
[18:01:28 諠・ｱ]: [Discord] Integration enabled.
[18:01:28 諠・ｱ]: PatrolSpectatorPlugin has been enabled!
[18:01:28 諠・ｱ]: 隕ｳ蜈牙慍繝・・繧ｿ繧偵Ο繝ｼ繝峨＠縺ｾ縺励◆: 0 莉ｶ
[18:01:28 諠・ｱ]: [Discord] Integration enabled.
[18:01:28 諠・ｱ]: PatrolSpectatorPlugin has been enabled!
[18:01:28 諠・ｱ]: 隕ｳ蜈牙慍繝・・繧ｿ繧偵Ο繝ｼ繝峨＠縺ｾ縺励◆: 0 莉ｶ
[18:01:28 諠・ｱ]: [Discord] Integration enabled.
[18:01:28 諠・ｱ]: PatrolSpectatorPlugin has been enabled!
[18:01:28 諠・ｱ]: 隕ｳ蜈牙慍繝・・繧ｿ繧偵Ο繝ｼ繝峨＠縺ｾ縺励◆: 0 莉ｶ
[18:01:28 諠・ｱ]: [Discord] Integration enabled.
[18:01:28 諠・ｱ]: PatrolSpectatorPlugin has been enabled!
[INFO] Tests run: 6, Failures: 0, Errors: 0, Skipped: 0, Time elapsed: 1.423 s -- in dev.gonjy.patrolspectator.GameModeEnforcerTest
[INFO] Running dev.gonjy.patrolspectator.ParticipationManagerTest
[18:01:28 諠・ｱ]: 隕ｳ蜈牙慍繝・・繧ｿ繧偵Ο繝ｼ繝峨＠縺ｾ縺励◆: 0 莉ｶ
[18:01:28 諠・ｱ]: [Discord] Integration enabled.
[18:01:28 諠・ｱ]: PatrolSpectatorPlugin has been enabled!
[18:01:28 諠・ｱ]: 隕ｳ蜈牙慍繝・・繧ｿ繧偵Ο繝ｼ繝峨＠縺ｾ縺励◆: 0 莉ｶ
[18:01:28 諠・ｱ]: [Discord] Integration enabled.
[18:01:28 諠・ｱ]: PatrolSpectatorPlugin has been enabled!
[18:01:28 諠・ｱ]: 隕ｳ蜈牙慍繝・・繧ｿ繧偵Ο繝ｼ繝峨＠縺ｾ縺励◆: 0 莉ｶ
[18:01:28 諠・ｱ]: [Discord] Integration enabled.
[18:01:28 諠・ｱ]: PatrolSpectatorPlugin has been enabled!
[18:01:28 諠・ｱ]: 隕ｳ蜈牙慍繝・・繧ｿ繧偵Ο繝ｼ繝峨＠縺ｾ縺励◆: 0 莉ｶ
[18:01:28 諠・ｱ]: [Discord] Integration enabled.
[18:01:28 諠・ｱ]: PatrolSpectatorPlugin has been enabled!
[18:01:28 諠・ｱ]: 隕ｳ蜈牙慍繝・・繧ｿ繧偵Ο繝ｼ繝峨＠縺ｾ縺励◆: 0 莉ｶ
[18:01:28 諠・ｱ]: [Discord] Integration enabled.
[18:01:28 諠・ｱ]: PatrolSpectatorPlugin has been enabled!
[18:01:28 諠・ｱ]: 隕ｳ蜈牙慍繝・・繧ｿ繧偵Ο繝ｼ繝峨＠縺ｾ縺励◆: 0 莉ｶ
[18:01:28 諠・ｱ]: [Discord] Integration enabled.
[18:01:28 諠・ｱ]: PatrolSpectatorPlugin has been enabled!
[INFO] Tests run: 6, Failures: 0, Errors: 0, Skipped: 0, Time elapsed: 0.226 s -- in dev.gonjy.patrolspectator.ParticipationManagerTest
[INFO] Running dev.gonjy.patrolspectator.TouristLocationTest
[INFO] Tests run: 2, Failures: 0, Errors: 0, Skipped: 0, Time elapsed: 0.014 s -- in dev.gonjy.patrolspectator.TouristLocationTest
[INFO] 
[INFO] Results:
[INFO] 
[INFO] Tests run: 16, Failures: 0, Errors: 0, Skipped: 0
[INFO] 
[INFO] ------------------------------------------------------------------------
[INFO] BUILD SUCCESS
[INFO] ------------------------------------------------------------------------
[INFO] Total time:  7.714 s
[INFO] Finished at: 2025-12-21T18:01:28+09:00
[INFO] ------------------------------------------------------------------------
